2024-10-20 16:38:21,374 - INFO - Logging configurado para: data_processing.
2024-10-20 16:38:21,374 - INFO - Comecando Aplicacao ...
2024-10-20 16:38:21,374 - INFO - Iniciando o processo de tratamento de arquivos...
2024-10-20 16:38:21,375 - INFO - Processando arquivo: data/extraction/yahoo_finance_CPI.csv
2024-10-20 16:38:21,375 - INFO - Processando arquivo: data/extraction/bcb_data_commodities_bcb_agropecuaria_em_real.csv
2024-10-20 16:38:21,375 - INFO - Processando arquivo BCB: data/extraction/bcb_data_commodities_bcb_agropecuaria_em_real.csv
2024-10-20 16:38:42,723 - INFO - Arquivo BCB tratado salvo com sucesso: data/treatment/bcb_data_commodities_bcb_agropecuaria_em_real.csv
2024-10-20 16:38:42,723 - INFO - Processando arquivo: data/extraction/bcb_data_core_cpi_bcb.csv
2024-10-20 16:38:42,724 - INFO - Processando arquivo BCB: data/extraction/bcb_data_core_cpi_bcb.csv
2024-10-20 16:39:00,301 - INFO - Arquivo BCB tratado salvo com sucesso: data/treatment/bcb_data_core_cpi_bcb.csv
2024-10-20 16:39:00,301 - INFO - Processando arquivo: data/extraction/yahoo_finance_ZC=F.csv
2024-10-20 16:39:00,301 - INFO - Processando arquivo: data/extraction/yahoo_finance_NG=F.csv
2024-10-20 16:39:00,301 - INFO - Processando arquivo: data/extraction/yahoo_finance_CL=F.csv
2024-10-20 16:39:00,301 - INFO - Processando arquivo: data/extraction/bcb_data_fx_buy_bcb.csv
2024-10-20 16:39:00,301 - INFO - Processando arquivo BCB: data/extraction/bcb_data_fx_buy_bcb.csv
2024-10-20 16:39:12,835 - INFO - Arquivo BCB tratado salvo com sucesso: data/treatment/bcb_data_fx_buy_bcb.csv
2024-10-20 16:39:12,835 - INFO - Processando arquivo: data/extraction/bcb_data_ipca_bcb.csv
2024-10-20 16:39:12,835 - INFO - Processando arquivo BCB: data/extraction/bcb_data_ipca_bcb.csv
2024-10-20 16:39:41,126 - INFO - Arquivo BCB tratado salvo com sucesso: data/treatment/bcb_data_ipca_bcb.csv
2024-10-20 16:39:41,126 - INFO - Processando arquivo: data/extraction/bcb_data_unemployment_bcb.csv
2024-10-20 16:39:41,126 - INFO - Processando arquivo BCB: data/extraction/bcb_data_unemployment_bcb.csv
2024-10-20 16:39:50,124 - INFO - Arquivo BCB tratado salvo com sucesso: data/treatment/bcb_data_unemployment_bcb.csv
2024-10-20 16:39:50,124 - INFO - Processando arquivo: data/extraction/bcb_data_selic_bcb.csv
2024-10-20 16:39:50,124 - INFO - Processando arquivo BCB: data/extraction/bcb_data_selic_bcb.csv
2024-10-20 16:40:27,530 - INFO - Arquivo BCB tratado salvo com sucesso: data/treatment/bcb_data_selic_bcb.csv
2024-10-20 16:40:27,530 - INFO - Processando arquivo: data/extraction/bcb_data_gdp_bcb.csv
2024-10-20 16:40:27,530 - INFO - Processando arquivo BCB: data/extraction/bcb_data_gdp_bcb.csv
2024-10-20 16:40:56,700 - INFO - Arquivo BCB tratado salvo com sucesso: data/treatment/bcb_data_gdp_bcb.csv
2024-10-20 16:40:56,700 - INFO - Processando arquivo: data/extraction/yahoo_finance_HG=F.csv
2024-10-20 16:40:56,701 - INFO - Processando arquivo: data/extraction/bcb_data_commodities_bcb_energia_em_real.csv
2024-10-20 16:40:56,701 - INFO - Processando arquivo BCB: data/extraction/bcb_data_commodities_bcb_energia_em_real.csv
2024-10-20 16:41:12,587 - INFO - Arquivo BCB tratado salvo com sucesso: data/treatment/bcb_data_commodities_bcb_energia_em_real.csv
2024-10-20 16:41:12,587 - INFO - Processando arquivo: data/extraction/yahoo_finance_ZS=F.csv
2024-10-20 16:41:12,587 - INFO - Processando arquivo: data/extraction/yahoo_finance_ZW=F.csv
2024-10-20 16:41:12,587 - INFO - Processando arquivo: data/extraction/bcb_data_cambio_bcb.csv
2024-10-20 16:41:12,587 - INFO - Processando arquivo BCB: data/extraction/bcb_data_cambio_bcb.csv
2024-10-20 16:41:38,986 - INFO - Arquivo BCB tratado salvo com sucesso: data/treatment/bcb_data_cambio_bcb.csv
2024-10-20 16:41:38,986 - INFO - Processando arquivo: data/extraction/bcb_data_commodities_bcb_composto_em_real.csv
2024-10-20 16:41:38,986 - INFO - Processando arquivo BCB: data/extraction/bcb_data_commodities_bcb_composto_em_real.csv
2024-10-20 16:41:56,474 - INFO - Arquivo BCB tratado salvo com sucesso: data/treatment/bcb_data_commodities_bcb_composto_em_real.csv
2024-10-20 16:41:56,474 - INFO - Processando arquivo: data/extraction/yahoo_finance_^GSPC.csv
2024-10-20 16:41:56,474 - INFO - Processando arquivo: data/extraction/yahoo_finance_^TNX.csv
2024-10-20 16:41:56,474 - INFO - Processando arquivo: data/extraction/ipeadata_pib_series.csv
2024-10-20 16:41:56,474 - INFO - Processando arquivo Ipeadata: data/extraction/ipeadata_pib_series.csv
2024-10-20 16:41:56,476 - INFO - Arquivo CSV carregado com sucesso: data/extraction/ipeadata_pib_series.csv
2024-10-20 16:42:16,647 - INFO - Arquivo tratado salvo com sucesso: data/treatment/ipeadata_pib_series.csv
2024-10-20 16:42:16,647 - INFO - Processando arquivo: data/extraction/yahoo_finance_BRL=X.csv
2024-10-20 16:42:16,647 - INFO - Processando arquivo: data/extraction/bcb_data_commodities_bcb_metal_em_real.csv
2024-10-20 16:42:16,647 - INFO - Processando arquivo BCB: data/extraction/bcb_data_commodities_bcb_metal_em_real.csv
2024-10-20 16:42:27,671 - INFO - Arquivo BCB tratado salvo com sucesso: data/treatment/bcb_data_commodities_bcb_metal_em_real.csv
2024-10-20 16:42:27,671 - INFO - Processando arquivo: data/extraction/yahoo_finance_GC=F.csv
2024-10-20 16:42:27,671 - INFO - Processando arquivo: data/extraction/yahoo_finance_KC=F.csv
2024-10-20 16:42:27,671 - INFO - Processando arquivo: data/extraction/yahoo_finance_^BVSP.csv
2024-10-20 16:42:27,671 - INFO - Processando arquivo: data/extraction/bcb_data_fx_sell_bcb.csv
2024-10-20 16:42:27,671 - INFO - Processando arquivo BCB: data/extraction/bcb_data_fx_sell_bcb.csv
2024-10-20 16:42:29,328 - INFO - Arquivo BCB tratado salvo com sucesso: data/treatment/bcb_data_fx_sell_bcb.csv
2024-10-20 16:42:29,328 - INFO - Processo de tratamento de arquivos concluído.
2024-10-20 16:42:29,328 - INFO - Iniciando a execução dos modelos preditivos...
