2024-11-21 13:22:20,662 - INFO - Logging configurado para: data_processing.
2024-11-21 13:22:20,662 - INFO - Comecando Aplicacao ...
2024-11-21 13:22:20,662 - INFO - Iniciando o processamento e a unificação dos dados...
2024-11-21 13:22:20,662 - INFO - Processando arquivo: data/treatment\bcb_data_cambio_bcb.csv
2024-11-21 13:22:20,686 - INFO - Processando arquivo: data/treatment\bcb_data_commodities_bcb_agropecuaria_em_real.csv
2024-11-21 13:22:20,702 - INFO - Processando arquivo: data/treatment\bcb_data_commodities_bcb_composto_em_real.csv
2024-11-21 13:22:20,716 - INFO - Processando arquivo: data/treatment\bcb_data_commodities_bcb_energia_em_real.csv
2024-11-21 13:22:20,728 - INFO - Processando arquivo: data/treatment\bcb_data_commodities_bcb_metal_em_real.csv
2024-11-21 13:22:20,738 - INFO - Processando arquivo: data/treatment\bcb_data_core_cpi_bcb.csv
2024-11-21 13:22:20,750 - INFO - Processando arquivo: data/treatment\bcb_data_fx_buy_bcb.csv
2024-11-21 13:22:20,766 - INFO - Processando arquivo: data/treatment\bcb_data_fx_sell_bcb.csv
2024-11-21 13:22:20,782 - INFO - Processando arquivo: data/treatment\bcb_data_gdp_bcb.csv
2024-11-21 13:22:20,813 - INFO - Processando arquivo: data/treatment\bcb_data_ipca_bcb.csv
2024-11-21 13:22:20,829 - INFO - Processando arquivo: data/treatment\bcb_data_selic_bcb.csv
2024-11-21 13:22:20,837 - INFO - Processando arquivo: data/treatment\bcb_data_unemployment_bcb.csv
2024-11-21 13:22:20,848 - INFO - Processando arquivo: data/treatment\ipeadata_pib_series.csv
2024-11-21 13:22:20,863 - INFO - Processando arquivo: data/treatment\yahoo_finance_BRL=X.csv
2024-11-21 13:22:20,863 - INFO - Processando arquivo: data/treatment\yahoo_finance_CL=F.csv
2024-11-21 13:22:20,882 - INFO - Processando arquivo: data/treatment\yahoo_finance_CPI.csv
2024-11-21 13:22:20,894 - INFO - Processando arquivo: data/treatment\yahoo_finance_GC=F.csv
2024-11-21 13:22:20,896 - INFO - Processando arquivo: data/treatment\yahoo_finance_HG=F.csv
2024-11-21 13:22:20,912 - INFO - Processando arquivo: data/treatment\yahoo_finance_KC=F.csv
2024-11-21 13:22:20,923 - INFO - Processando arquivo: data/treatment\yahoo_finance_NG=F.csv
2024-11-21 13:22:20,929 - INFO - Processando arquivo: data/treatment\yahoo_finance_ZC=F.csv
2024-11-21 13:22:20,946 - INFO - Processando arquivo: data/treatment\yahoo_finance_ZS=F.csv
2024-11-21 13:22:20,955 - INFO - Processando arquivo: data/treatment\yahoo_finance_ZW=F.csv
2024-11-21 13:22:20,963 - INFO - Processando arquivo: data/treatment\yahoo_finance_^BVSP.csv
2024-11-21 13:22:20,979 - INFO - Processando arquivo: data/treatment\yahoo_finance_^GSPC.csv
2024-11-21 13:22:20,988 - INFO - Processando arquivo: data/treatment\yahoo_finance_^TNX.csv
2024-11-21 13:22:21,226 - INFO - Base unificada salva em: analysis/dados_unificados.csv
