2024-10-20 16:33:57,226 - INFO - Logging configurado para: data_processing.
2024-10-20 16:33:57,226 - INFO - Comecando Aplicacao ...
2024-10-20 16:33:57,226 - INFO - Iniciando o processo de extração de dados...
2024-10-20 16:34:06,167 - INFO - Dados do BCB para selic_bcb salvos em 'data/extraction/bcb_data_selic_bcb.csv'
2024-10-20 16:34:06,452 - INFO - Dados do BCB para ipca_bcb salvos em 'data/extraction/bcb_data_ipca_bcb.csv'
2024-10-20 16:34:06,927 - INFO - Dados do BCB para cambio_bcb salvos em 'data/extraction/bcb_data_cambio_bcb.csv'
2024-10-20 16:34:07,319 - INFO - Dados do BCB para fx_buy_bcb salvos em 'data/extraction/bcb_data_fx_buy_bcb.csv'
2024-10-20 16:34:07,781 - INFO - Dados do BCB para fx_sell_bcb salvos em 'data/extraction/bcb_data_fx_sell_bcb.csv'
2024-10-20 16:34:08,130 - INFO - Dados do BCB para gdp_bcb salvos em 'data/extraction/bcb_data_gdp_bcb.csv'
2024-10-20 16:34:08,659 - INFO - Dados do BCB para core_cpi_bcb salvos em 'data/extraction/bcb_data_core_cpi_bcb.csv'
2024-10-20 16:34:09,173 - INFO - Dados do BCB para commodities_bcb_composto_em_real salvos em 'data/extraction/bcb_data_commodities_bcb_composto_em_real.csv'
2024-10-20 16:34:10,813 - INFO - Dados do BCB para commodities_bcb_agropecuaria_em_real salvos em 'data/extraction/bcb_data_commodities_bcb_agropecuaria_em_real.csv'
2024-10-20 16:34:11,595 - INFO - Dados do BCB para commodities_bcb_metal_em_real salvos em 'data/extraction/bcb_data_commodities_bcb_metal_em_real.csv'
2024-10-20 16:34:12,158 - INFO - Dados do BCB para commodities_bcb_energia_em_real salvos em 'data/extraction/bcb_data_commodities_bcb_energia_em_real.csv'
2024-10-20 16:34:12,642 - INFO - Dados do BCB para unemployment_bcb salvos em 'data/extraction/bcb_data_unemployment_bcb.csv'
2024-10-20 16:34:13,259 - INFO - Ipeadata para pib_series salvo em 'data/extraction/ipeadata_pib_series.csv'
2024-10-20 16:34:15,315 - INFO - Dados do Yahoo Finance para ^BVSP salvos em 'data/extraction/yahoo_finance_^BVSP.csv'
2024-10-20 16:34:16,015 - INFO - Dados do Yahoo Finance para BRL=X salvos em 'data/extraction/yahoo_finance_BRL=X.csv'
2024-10-20 16:34:16,752 - INFO - Dados do Yahoo Finance para CL=F salvos em 'data/extraction/yahoo_finance_CL=F.csv'
2024-10-20 16:34:17,774 - INFO - Dados do Yahoo Finance para GC=F salvos em 'data/extraction/yahoo_finance_GC=F.csv'
2024-10-20 16:34:18,655 - INFO - Dados do Yahoo Finance para ZC=F salvos em 'data/extraction/yahoo_finance_ZC=F.csv'
2024-10-20 16:34:19,510 - INFO - Dados do Yahoo Finance para KC=F salvos em 'data/extraction/yahoo_finance_KC=F.csv'
2024-10-20 16:34:20,075 - INFO - Dados do Yahoo Finance para ZS=F salvos em 'data/extraction/yahoo_finance_ZS=F.csv'
2024-10-20 16:34:20,579 - INFO - Dados do Yahoo Finance para ZW=F salvos em 'data/extraction/yahoo_finance_ZW=F.csv'
2024-10-20 16:34:21,611 - INFO - Dados do Yahoo Finance para HG=F salvos em 'data/extraction/yahoo_finance_HG=F.csv'
2024-10-20 16:34:22,232 - INFO - Dados do Yahoo Finance para NG=F salvos em 'data/extraction/yahoo_finance_NG=F.csv'
2024-10-20 16:34:23,207 - INFO - Dados do Yahoo Finance para ^GSPC salvos em 'data/extraction/yahoo_finance_^GSPC.csv'
2024-10-20 16:34:23,775 - INFO - Dados do Yahoo Finance para ^TNX salvos em 'data/extraction/yahoo_finance_^TNX.csv'
2024-10-20 16:34:46,389 - ERROR - 
1 Failed download:
2024-10-20 16:34:46,389 - ERROR - ['BCOM']: YFTzMissingError('$%ticker%: possibly delisted; no timezone found')
2024-10-20 16:34:46,389 - ERROR - Erro ao processar dados do Yahoo Finance para BCOM: No data found for ticker BCOM in the given date range.
2024-10-20 16:34:47,295 - INFO - Dados do Yahoo Finance para CPI salvos em 'data/extraction/yahoo_finance_CPI.csv'
2024-10-20 16:34:47,295 - INFO - Processo de extração de dados concluído.
2024-10-20 16:34:47,295 - INFO - Iniciando o processo de tratamento de arquivos...
2024-10-20 16:34:47,296 - INFO - Processando arquivo: data/extraction/yahoo_finance_CPI.csv
2024-10-20 16:34:47,296 - INFO - Processando arquivo Yahoo Finance: data/extraction/yahoo_finance_CPI.csv
2024-10-20 16:34:47,314 - INFO - Arquivo Yahoo Finance tratado salvo com sucesso: data/treatment/yahoo_finance_CPI.csv
2024-10-20 16:34:47,314 - INFO - Processando arquivo: data/extraction/bcb_data_commodities_bcb_agropecuaria_em_real.csv
2024-10-20 16:34:47,314 - INFO - Processando arquivo BCB: data/extraction/bcb_data_commodities_bcb_agropecuaria_em_real.csv
2024-10-20 16:34:47,319 - INFO - Arquivo BCB tratado salvo com sucesso: data/treatment/bcb_data_commodities_bcb_agropecuaria_em_real.csv
2024-10-20 16:34:47,319 - INFO - Processando arquivo: data/extraction/bcb_data_core_cpi_bcb.csv
2024-10-20 16:34:47,320 - INFO - Processando arquivo BCB: data/extraction/bcb_data_core_cpi_bcb.csv
2024-10-20 16:34:47,327 - INFO - Arquivo BCB tratado salvo com sucesso: data/treatment/bcb_data_core_cpi_bcb.csv
2024-10-20 16:34:47,327 - INFO - Processando arquivo: data/extraction/yahoo_finance_ZC=F.csv
2024-10-20 16:34:47,327 - INFO - Processando arquivo Yahoo Finance: data/extraction/yahoo_finance_ZC=F.csv
2024-10-20 16:34:47,335 - INFO - Arquivo Yahoo Finance tratado salvo com sucesso: data/treatment/yahoo_finance_ZC=F.csv
2024-10-20 16:34:47,335 - INFO - Processando arquivo: data/extraction/yahoo_finance_NG=F.csv
2024-10-20 16:34:47,335 - INFO - Processando arquivo Yahoo Finance: data/extraction/yahoo_finance_NG=F.csv
2024-10-20 16:34:47,343 - INFO - Arquivo Yahoo Finance tratado salvo com sucesso: data/treatment/yahoo_finance_NG=F.csv
2024-10-20 16:34:47,344 - INFO - Processando arquivo: data/extraction/yahoo_finance_CL=F.csv
2024-10-20 16:34:47,344 - INFO - Processando arquivo Yahoo Finance: data/extraction/yahoo_finance_CL=F.csv
2024-10-20 16:34:47,352 - INFO - Arquivo Yahoo Finance tratado salvo com sucesso: data/treatment/yahoo_finance_CL=F.csv
2024-10-20 16:34:47,352 - INFO - Processando arquivo: data/extraction/bcb_data_fx_buy_bcb.csv
2024-10-20 16:34:47,352 - INFO - Processando arquivo BCB: data/extraction/bcb_data_fx_buy_bcb.csv
2024-10-20 16:34:47,363 - INFO - Arquivo BCB tratado salvo com sucesso: data/treatment/bcb_data_fx_buy_bcb.csv
2024-10-20 16:34:47,363 - INFO - Processando arquivo: data/extraction/bcb_data_ipca_bcb.csv
2024-10-20 16:34:47,363 - INFO - Processando arquivo BCB: data/extraction/bcb_data_ipca_bcb.csv
2024-10-20 16:34:47,370 - INFO - Arquivo BCB tratado salvo com sucesso: data/treatment/bcb_data_ipca_bcb.csv
2024-10-20 16:34:47,370 - INFO - Processando arquivo: data/extraction/bcb_data_unemployment_bcb.csv
2024-10-20 16:34:47,370 - INFO - Processando arquivo BCB: data/extraction/bcb_data_unemployment_bcb.csv
2024-10-20 16:34:47,374 - INFO - Arquivo BCB tratado salvo com sucesso: data/treatment/bcb_data_unemployment_bcb.csv
2024-10-20 16:34:47,374 - INFO - Processando arquivo: data/extraction/bcb_data_selic_bcb.csv
2024-10-20 16:34:47,374 - INFO - Processando arquivo BCB: data/extraction/bcb_data_selic_bcb.csv
2024-10-20 16:34:47,384 - INFO - Arquivo BCB tratado salvo com sucesso: data/treatment/bcb_data_selic_bcb.csv
2024-10-20 16:34:47,384 - INFO - Processando arquivo: data/extraction/bcb_data_gdp_bcb.csv
2024-10-20 16:34:47,384 - INFO - Processando arquivo BCB: data/extraction/bcb_data_gdp_bcb.csv
2024-10-20 16:34:47,391 - INFO - Arquivo BCB tratado salvo com sucesso: data/treatment/bcb_data_gdp_bcb.csv
2024-10-20 16:34:47,391 - INFO - Processando arquivo: data/extraction/yahoo_finance_HG=F.csv
2024-10-20 16:34:47,391 - INFO - Processando arquivo Yahoo Finance: data/extraction/yahoo_finance_HG=F.csv
2024-10-20 16:34:47,399 - INFO - Arquivo Yahoo Finance tratado salvo com sucesso: data/treatment/yahoo_finance_HG=F.csv
2024-10-20 16:34:47,399 - INFO - Processando arquivo: data/extraction/bcb_data_commodities_bcb_energia_em_real.csv
2024-10-20 16:34:47,399 - INFO - Processando arquivo BCB: data/extraction/bcb_data_commodities_bcb_energia_em_real.csv
2024-10-20 16:34:47,404 - INFO - Arquivo BCB tratado salvo com sucesso: data/treatment/bcb_data_commodities_bcb_energia_em_real.csv
2024-10-20 16:34:47,404 - INFO - Processando arquivo: data/extraction/yahoo_finance_ZS=F.csv
2024-10-20 16:34:47,404 - INFO - Processando arquivo Yahoo Finance: data/extraction/yahoo_finance_ZS=F.csv
2024-10-20 16:34:47,413 - INFO - Arquivo Yahoo Finance tratado salvo com sucesso: data/treatment/yahoo_finance_ZS=F.csv
2024-10-20 16:34:47,413 - INFO - Processando arquivo: data/extraction/yahoo_finance_ZW=F.csv
2024-10-20 16:34:47,413 - INFO - Processando arquivo Yahoo Finance: data/extraction/yahoo_finance_ZW=F.csv
2024-10-20 16:34:47,431 - INFO - Arquivo Yahoo Finance tratado salvo com sucesso: data/treatment/yahoo_finance_ZW=F.csv
2024-10-20 16:34:47,431 - INFO - Processando arquivo: data/extraction/bcb_data_cambio_bcb.csv
2024-10-20 16:34:47,432 - INFO - Processando arquivo BCB: data/extraction/bcb_data_cambio_bcb.csv
2024-10-20 16:34:47,442 - INFO - Arquivo BCB tratado salvo com sucesso: data/treatment/bcb_data_cambio_bcb.csv
2024-10-20 16:34:47,442 - INFO - Processando arquivo: data/extraction/bcb_data_commodities_bcb_composto_em_real.csv
2024-10-20 16:34:47,442 - INFO - Processando arquivo BCB: data/extraction/bcb_data_commodities_bcb_composto_em_real.csv
2024-10-20 16:34:47,447 - INFO - Arquivo BCB tratado salvo com sucesso: data/treatment/bcb_data_commodities_bcb_composto_em_real.csv
2024-10-20 16:34:47,447 - INFO - Processando arquivo: data/extraction/yahoo_finance_^GSPC.csv
2024-10-20 16:34:47,447 - INFO - Processando arquivo Yahoo Finance: data/extraction/yahoo_finance_^GSPC.csv
2024-10-20 16:34:47,454 - INFO - Arquivo Yahoo Finance tratado salvo com sucesso: data/treatment/yahoo_finance_^GSPC.csv
2024-10-20 16:34:47,454 - INFO - Processando arquivo: data/extraction/yahoo_finance_^TNX.csv
2024-10-20 16:34:47,454 - INFO - Processando arquivo Yahoo Finance: data/extraction/yahoo_finance_^TNX.csv
2024-10-20 16:34:47,462 - INFO - Arquivo Yahoo Finance tratado salvo com sucesso: data/treatment/yahoo_finance_^TNX.csv
2024-10-20 16:34:47,462 - INFO - Processando arquivo: data/extraction/ipeadata_pib_series.csv
2024-10-20 16:34:47,462 - INFO - Processando arquivo Ipeadata: data/extraction/ipeadata_pib_series.csv
2024-10-20 16:34:47,463 - INFO - Arquivo CSV carregado com sucesso: data/extraction/ipeadata_pib_series.csv
2024-10-20 16:34:47,472 - INFO - Arquivo tratado salvo com sucesso: data/treatment/ipeadata_pib_series.csv
2024-10-20 16:34:47,472 - INFO - Processando arquivo: data/extraction/yahoo_finance_BRL=X.csv
2024-10-20 16:34:47,472 - INFO - Processando arquivo Yahoo Finance: data/extraction/yahoo_finance_BRL=X.csv
2024-10-20 16:34:47,479 - INFO - Arquivo Yahoo Finance tratado salvo com sucesso: data/treatment/yahoo_finance_BRL=X.csv
2024-10-20 16:34:47,479 - INFO - Processando arquivo: data/extraction/bcb_data_commodities_bcb_metal_em_real.csv
2024-10-20 16:34:47,479 - INFO - Processando arquivo BCB: data/extraction/bcb_data_commodities_bcb_metal_em_real.csv
2024-10-20 16:34:47,483 - INFO - Arquivo BCB tratado salvo com sucesso: data/treatment/bcb_data_commodities_bcb_metal_em_real.csv
2024-10-20 16:34:47,484 - INFO - Processando arquivo: data/extraction/yahoo_finance_GC=F.csv
2024-10-20 16:34:47,484 - INFO - Processando arquivo Yahoo Finance: data/extraction/yahoo_finance_GC=F.csv
2024-10-20 16:34:47,491 - INFO - Arquivo Yahoo Finance tratado salvo com sucesso: data/treatment/yahoo_finance_GC=F.csv
2024-10-20 16:34:47,491 - INFO - Processando arquivo: data/extraction/yahoo_finance_KC=F.csv
2024-10-20 16:34:47,491 - INFO - Processando arquivo Yahoo Finance: data/extraction/yahoo_finance_KC=F.csv
2024-10-20 16:34:47,499 - INFO - Arquivo Yahoo Finance tratado salvo com sucesso: data/treatment/yahoo_finance_KC=F.csv
2024-10-20 16:34:47,499 - INFO - Processando arquivo: data/extraction/yahoo_finance_^BVSP.csv
2024-10-20 16:34:47,499 - INFO - Processando arquivo Yahoo Finance: data/extraction/yahoo_finance_^BVSP.csv
2024-10-20 16:34:47,505 - INFO - Arquivo Yahoo Finance tratado salvo com sucesso: data/treatment/yahoo_finance_^BVSP.csv
2024-10-20 16:34:47,506 - INFO - Processando arquivo: data/extraction/bcb_data_fx_sell_bcb.csv
2024-10-20 16:34:47,506 - INFO - Processando arquivo BCB: data/extraction/bcb_data_fx_sell_bcb.csv
2024-10-20 16:34:47,516 - INFO - Arquivo BCB tratado salvo com sucesso: data/treatment/bcb_data_fx_sell_bcb.csv
2024-10-20 16:34:47,516 - INFO - Processo de tratamento de arquivos concluído.
2024-10-20 16:34:47,516 - INFO - Iniciando a execução dos modelos preditivos...
