2024-11-21 13:15:10,968 - INFO - Logging configurado para: data_processing.
2024-11-21 13:15:10,968 - INFO - Comecando Aplicacao ...
2024-11-21 13:15:10,968 - INFO - Iniciando o processamento e a unificação dos dados...
2024-11-21 13:15:10,968 - INFO - Processando arquivo: data/treatment\bcb_data_cambio_bcb.csv
2024-11-21 13:15:10,990 - INFO - Processando arquivo: data/treatment\bcb_data_commodities_bcb_agropecuaria_em_real.csv
2024-11-21 13:15:11,004 - INFO - Processando arquivo: data/treatment\bcb_data_commodities_bcb_composto_em_real.csv
2024-11-21 13:15:11,024 - INFO - Processando arquivo: data/treatment\bcb_data_commodities_bcb_energia_em_real.csv
2024-11-21 13:15:11,035 - INFO - Processando arquivo: data/treatment\bcb_data_commodities_bcb_metal_em_real.csv
2024-11-21 13:15:11,043 - INFO - Processando arquivo: data/treatment\bcb_data_core_cpi_bcb.csv
2024-11-21 13:15:11,059 - INFO - Processando arquivo: data/treatment\bcb_data_fx_buy_bcb.csv
2024-11-21 13:15:11,089 - INFO - Processando arquivo: data/treatment\bcb_data_fx_sell_bcb.csv
2024-11-21 13:15:11,119 - INFO - Processando arquivo: data/treatment\bcb_data_gdp_bcb.csv
2024-11-21 13:15:11,145 - INFO - Processando arquivo: data/treatment\bcb_data_ipca_bcb.csv
2024-11-21 13:15:11,169 - INFO - Processando arquivo: data/treatment\bcb_data_selic_bcb.csv
2024-11-21 13:15:11,170 - INFO - Processando arquivo: data/treatment\bcb_data_unemployment_bcb.csv
2024-11-21 13:15:11,187 - INFO - Processando arquivo: data/treatment\ipeadata_pib_series.csv
2024-11-21 13:15:11,201 - INFO - Processando arquivo: data/treatment\yahoo_finance_BRL=X.csv
2024-11-21 13:15:11,201 - INFO - Processando arquivo: data/treatment\yahoo_finance_CL=F.csv
2024-11-21 13:15:11,219 - INFO - Processando arquivo: data/treatment\yahoo_finance_CPI.csv
2024-11-21 13:15:11,230 - INFO - Processando arquivo: data/treatment\yahoo_finance_GC=F.csv
2024-11-21 13:15:11,235 - INFO - Processando arquivo: data/treatment\yahoo_finance_HG=F.csv
2024-11-21 13:15:11,253 - INFO - Processando arquivo: data/treatment\yahoo_finance_KC=F.csv
2024-11-21 13:15:11,260 - INFO - Processando arquivo: data/treatment\yahoo_finance_NG=F.csv
2024-11-21 13:15:11,268 - INFO - Processando arquivo: data/treatment\yahoo_finance_ZC=F.csv
2024-11-21 13:15:11,287 - INFO - Processando arquivo: data/treatment\yahoo_finance_ZS=F.csv
2024-11-21 13:15:11,295 - INFO - Processando arquivo: data/treatment\yahoo_finance_ZW=F.csv
2024-11-21 13:15:11,303 - INFO - Processando arquivo: data/treatment\yahoo_finance_^BVSP.csv
2024-11-21 13:15:11,318 - INFO - Processando arquivo: data/treatment\yahoo_finance_^GSPC.csv
2024-11-21 13:15:11,334 - INFO - Processando arquivo: data/treatment\yahoo_finance_^TNX.csv
2024-11-21 13:15:11,594 - INFO - Base unificada salva em: analysis/dados_unificados.csv
2024-11-21 13:15:16,806 - INFO - Aplicacao rodou com Sucesso.
