2024-11-23 16:36:44,072 - INFO - Logging configurado para: data_processing.
2024-11-23 16:36:44,073 - INFO - Começando a aplicação...
2024-11-23 16:36:44,073 - INFO - Iniciando o processamento e a unificação dos dados...
2024-11-23 16:36:44,073 - INFO - Processando arquivo: data/treatment/yahoo_finance_CPI.csv
2024-11-23 16:36:44,085 - INFO - Processando arquivo: data/treatment/bcb_data_commodities_bcb_agropecuaria_em_real.csv
2024-11-23 16:36:44,093 - INFO - Processando arquivo: data/treatment/bcb_data_core_cpi_bcb.csv
2024-11-23 16:36:44,105 - INFO - Processando arquivo: data/treatment/yahoo_finance_ZC=F.csv
2024-11-23 16:36:44,111 - INFO - Processando arquivo: data/treatment/yahoo_finance_NG=F.csv
2024-11-23 16:36:44,116 - INFO - Processando arquivo: data/treatment/yahoo_finance_CL=F.csv
2024-11-23 16:36:44,120 - INFO - Processando arquivo: data/treatment/bcb_data_fx_buy_bcb.csv
2024-11-23 16:36:44,129 - INFO - Processando arquivo: data/treatment/bcb_data_ipca_bcb.csv
2024-11-23 16:36:44,137 - INFO - Processando arquivo: data/treatment/bcb_data_unemployment_bcb.csv
2024-11-23 16:36:44,140 - INFO - Processando arquivo: data/treatment/bcb_data_selic_bcb.csv
2024-11-23 16:36:44,146 - INFO - Processando arquivo: data/treatment/bcb_data_gdp_bcb.csv
2024-11-23 16:36:44,156 - INFO - Processando arquivo: data/treatment/yahoo_finance_HG=F.csv
2024-11-23 16:36:44,161 - INFO - Processando arquivo: data/treatment/bcb_data_commodities_bcb_energia_em_real.csv
2024-11-23 16:36:44,167 - INFO - Processando arquivo: data/treatment/yahoo_finance_ZS=F.csv
2024-11-23 16:36:44,172 - INFO - Processando arquivo: data/treatment/yahoo_finance_ZW=F.csv
2024-11-23 16:36:44,176 - INFO - Processando arquivo: data/treatment/bcb_data_cambio_bcb.csv
2024-11-23 16:36:44,182 - INFO - Processando arquivo: data/treatment/bcb_data_commodities_bcb_composto_em_real.csv
2024-11-23 16:36:44,188 - INFO - Processando arquivo: data/treatment/yahoo_finance_^GSPC.csv
2024-11-23 16:36:44,192 - INFO - Processando arquivo: data/treatment/yahoo_finance_^TNX.csv
2024-11-23 16:36:44,198 - INFO - Processando arquivo: data/treatment/ipeadata_pib_series.csv
2024-11-23 16:36:44,203 - INFO - Processando arquivo: data/treatment/yahoo_finance_BRL=X.csv
2024-11-23 16:36:44,207 - INFO - Processando arquivo: data/treatment/bcb_data_commodities_bcb_metal_em_real.csv
2024-11-23 16:36:44,214 - INFO - Processando arquivo: data/treatment/yahoo_finance_GC=F.csv
2024-11-23 16:36:44,250 - INFO - Processando arquivo: data/treatment/yahoo_finance_KC=F.csv
2024-11-23 16:36:44,263 - INFO - Processando arquivo: data/treatment/yahoo_finance_^BVSP.csv
2024-11-23 16:36:44,268 - INFO - Processando arquivo: data/treatment/bcb_data_fx_sell_bcb.csv
2024-11-23 16:36:44,438 - INFO - Base unificada salva em: analysis/dados_unificados.csv
2024-11-23 16:36:44,439 - INFO - Gerando dados futuros com base na média móvel...
2024-11-23 16:36:44,550 - INFO - Unificando dados reais com futuros...
2024-11-23 16:36:44,704 - INFO - Dados unificados com previsões futuras salvos em: analysis/dados_completos.csv
