2024-11-21 22:06:30,277 - INFO - Logging configurado para: data_processing.
2024-11-21 22:06:30,277 - INFO - Começando a aplicação...
2024-11-21 22:06:30,277 - INFO - Iniciando o processamento e a unificação dos dados...
2024-11-21 22:06:30,277 - INFO - Processando arquivo: data/treatment\bcb_data_cambio_bcb.csv
2024-11-21 22:06:30,302 - INFO - Processando arquivo: data/treatment\bcb_data_commodities_bcb_agropecuaria_em_real.csv
2024-11-21 22:06:30,317 - INFO - Processando arquivo: data/treatment\bcb_data_commodities_bcb_composto_em_real.csv
2024-11-21 22:06:30,332 - INFO - Processando arquivo: data/treatment\bcb_data_commodities_bcb_energia_em_real.csv
2024-11-21 22:06:30,346 - INFO - Processando arquivo: data/treatment\bcb_data_commodities_bcb_metal_em_real.csv
2024-11-21 22:06:30,356 - INFO - Processando arquivo: data/treatment\bcb_data_core_cpi_bcb.csv
2024-11-21 22:06:30,366 - INFO - Processando arquivo: data/treatment\bcb_data_fx_buy_bcb.csv
2024-11-21 22:06:30,385 - INFO - Processando arquivo: data/treatment\bcb_data_fx_sell_bcb.csv
2024-11-21 22:06:30,404 - INFO - Processando arquivo: data/treatment\bcb_data_gdp_bcb.csv
2024-11-21 22:06:30,431 - INFO - Processando arquivo: data/treatment\bcb_data_ipca_bcb.csv
2024-11-21 22:06:30,449 - INFO - Processando arquivo: data/treatment\bcb_data_selic_bcb.csv
2024-11-21 22:06:30,462 - INFO - Processando arquivo: data/treatment\bcb_data_unemployment_bcb.csv
2024-11-21 22:06:30,471 - INFO - Processando arquivo: data/treatment\ipeadata_pib_series.csv
2024-11-21 22:06:30,487 - INFO - Processando arquivo: data/treatment\yahoo_finance_BRL=X.csv
2024-11-21 22:06:30,498 - INFO - Processando arquivo: data/treatment\yahoo_finance_CL=F.csv
2024-11-21 22:06:30,511 - INFO - Processando arquivo: data/treatment\yahoo_finance_CPI.csv
2024-11-21 22:06:30,520 - INFO - Processando arquivo: data/treatment\yahoo_finance_GC=F.csv
2024-11-21 22:06:30,531 - INFO - Processando arquivo: data/treatment\yahoo_finance_HG=F.csv
2024-11-21 22:06:30,532 - INFO - Processando arquivo: data/treatment\yahoo_finance_KC=F.csv
2024-11-21 22:06:30,555 - INFO - Processando arquivo: data/treatment\yahoo_finance_NG=F.csv
2024-11-21 22:06:30,566 - INFO - Processando arquivo: data/treatment\yahoo_finance_ZC=F.csv
2024-11-21 22:06:30,580 - INFO - Processando arquivo: data/treatment\yahoo_finance_ZS=F.csv
2024-11-21 22:06:30,582 - INFO - Processando arquivo: data/treatment\yahoo_finance_ZW=F.csv
2024-11-21 22:06:30,605 - INFO - Processando arquivo: data/treatment\yahoo_finance_^BVSP.csv
2024-11-21 22:06:30,618 - INFO - Processando arquivo: data/treatment\yahoo_finance_^GSPC.csv
2024-11-21 22:06:30,632 - INFO - Processando arquivo: data/treatment\yahoo_finance_^TNX.csv
2024-11-21 22:06:30,898 - INFO - Base unificada salva em: analysis/dados_unificados.csv
2024-11-21 22:06:30,901 - INFO - Gerando dados futuros com base na média móvel...
2024-11-21 22:06:31,078 - INFO - Unificando dados reais com futuros...
2024-11-21 22:06:31,326 - INFO - Dados unificados com previsões futuras salvos em: analysis/dados_completos.csv
2024-11-21 22:07:12,261 - INFO - Aplicação executada com sucesso.
