2024-11-23 16:32:50,364 - INFO - Logging configurado para: data_processing.
2024-11-23 16:32:50,365 - INFO - Começando a aplicação...
2024-11-23 16:32:50,365 - INFO - Iniciando o processamento e a unificação dos dados...
2024-11-23 16:32:50,365 - INFO - Processando arquivo: data/treatment/yahoo_finance_CPI.csv
2024-11-23 16:32:50,378 - INFO - Processando arquivo: data/treatment/bcb_data_commodities_bcb_agropecuaria_em_real.csv
2024-11-23 16:32:50,386 - INFO - Processando arquivo: data/treatment/bcb_data_core_cpi_bcb.csv
2024-11-23 16:32:50,393 - INFO - Processando arquivo: data/treatment/yahoo_finance_ZC=F.csv
2024-11-23 16:32:50,399 - INFO - Processando arquivo: data/treatment/yahoo_finance_NG=F.csv
2024-11-23 16:32:50,404 - INFO - Processando arquivo: data/treatment/yahoo_finance_CL=F.csv
2024-11-23 16:32:50,409 - INFO - Processando arquivo: data/treatment/bcb_data_fx_buy_bcb.csv
2024-11-23 16:32:50,417 - INFO - Processando arquivo: data/treatment/bcb_data_ipca_bcb.csv
2024-11-23 16:32:50,426 - INFO - Processando arquivo: data/treatment/bcb_data_unemployment_bcb.csv
2024-11-23 16:32:50,430 - INFO - Processando arquivo: data/treatment/bcb_data_selic_bcb.csv
2024-11-23 16:32:50,435 - INFO - Processando arquivo: data/treatment/bcb_data_gdp_bcb.csv
2024-11-23 16:32:50,446 - INFO - Processando arquivo: data/treatment/yahoo_finance_HG=F.csv
2024-11-23 16:32:50,452 - INFO - Processando arquivo: data/treatment/bcb_data_commodities_bcb_energia_em_real.csv
2024-11-23 16:32:50,460 - INFO - Processando arquivo: data/treatment/yahoo_finance_ZS=F.csv
2024-11-23 16:32:50,466 - INFO - Processando arquivo: data/treatment/yahoo_finance_ZW=F.csv
2024-11-23 16:32:50,471 - INFO - Processando arquivo: data/treatment/bcb_data_cambio_bcb.csv
2024-11-23 16:32:50,477 - INFO - Processando arquivo: data/treatment/bcb_data_commodities_bcb_composto_em_real.csv
2024-11-23 16:32:50,484 - INFO - Processando arquivo: data/treatment/yahoo_finance_^GSPC.csv
2024-11-23 16:32:50,490 - INFO - Processando arquivo: data/treatment/yahoo_finance_^TNX.csv
2024-11-23 16:32:50,495 - INFO - Processando arquivo: data/treatment/ipeadata_pib_series.csv
2024-11-23 16:32:50,502 - INFO - Processando arquivo: data/treatment/yahoo_finance_BRL=X.csv
2024-11-23 16:32:50,506 - INFO - Processando arquivo: data/treatment/bcb_data_commodities_bcb_metal_em_real.csv
2024-11-23 16:32:50,513 - INFO - Processando arquivo: data/treatment/yahoo_finance_GC=F.csv
2024-11-23 16:32:50,518 - INFO - Processando arquivo: data/treatment/yahoo_finance_KC=F.csv
2024-11-23 16:32:50,523 - INFO - Processando arquivo: data/treatment/yahoo_finance_^BVSP.csv
2024-11-23 16:32:50,529 - INFO - Processando arquivo: data/treatment/bcb_data_fx_sell_bcb.csv
2024-11-23 16:32:50,698 - INFO - Base unificada salva em: analysis/dados_unificados.csv
2024-11-23 16:32:50,699 - INFO - Gerando dados futuros com base na média móvel...
2024-11-23 16:32:50,809 - INFO - Unificando dados reais com futuros...
2024-11-23 16:32:50,962 - INFO - Dados unificados com previsões futuras salvos em: analysis/dados_completos.csv
2024-11-23 16:32:52,776 - ERROR - Erro durante a execução da aplicação: 'numpy.ndarray' object has no attribute 'index'
