2024-11-23 15:57:06,722 - INFO - Logging configurado para: data_processing.
2024-11-23 15:57:06,723 - INFO - Começando a aplicação...
2024-11-23 15:57:06,723 - INFO - Iniciando o processamento e a unificação dos dados...
2024-11-23 15:57:06,723 - INFO - Processando arquivo: data/treatment/yahoo_finance_CPI.csv
2024-11-23 15:57:06,744 - INFO - Processando arquivo: data/treatment/bcb_data_commodities_bcb_agropecuaria_em_real.csv
2024-11-23 15:57:06,753 - INFO - Processando arquivo: data/treatment/bcb_data_core_cpi_bcb.csv
2024-11-23 15:57:06,759 - INFO - Processando arquivo: data/treatment/yahoo_finance_ZC=F.csv
2024-11-23 15:57:06,765 - INFO - Processando arquivo: data/treatment/yahoo_finance_NG=F.csv
2024-11-23 15:57:06,771 - INFO - Processando arquivo: data/treatment/yahoo_finance_CL=F.csv
2024-11-23 15:57:06,803 - INFO - Processando arquivo: data/treatment/bcb_data_fx_buy_bcb.csv
2024-11-23 15:57:06,817 - INFO - Processando arquivo: data/treatment/bcb_data_ipca_bcb.csv
2024-11-23 15:57:06,827 - INFO - Processando arquivo: data/treatment/bcb_data_unemployment_bcb.csv
2024-11-23 15:57:06,831 - INFO - Processando arquivo: data/treatment/bcb_data_selic_bcb.csv
2024-11-23 15:57:06,837 - INFO - Processando arquivo: data/treatment/bcb_data_gdp_bcb.csv
2024-11-23 15:57:06,849 - INFO - Processando arquivo: data/treatment/yahoo_finance_HG=F.csv
2024-11-23 15:57:06,856 - INFO - Processando arquivo: data/treatment/bcb_data_commodities_bcb_energia_em_real.csv
2024-11-23 15:57:06,867 - INFO - Processando arquivo: data/treatment/yahoo_finance_ZS=F.csv
2024-11-23 15:57:06,872 - INFO - Processando arquivo: data/treatment/yahoo_finance_ZW=F.csv
2024-11-23 15:57:06,877 - INFO - Processando arquivo: data/treatment/bcb_data_cambio_bcb.csv
2024-11-23 15:57:06,883 - INFO - Processando arquivo: data/treatment/bcb_data_commodities_bcb_composto_em_real.csv
2024-11-23 15:57:06,891 - INFO - Processando arquivo: data/treatment/yahoo_finance_^GSPC.csv
2024-11-23 15:57:06,896 - INFO - Processando arquivo: data/treatment/yahoo_finance_^TNX.csv
2024-11-23 15:57:06,902 - INFO - Processando arquivo: data/treatment/ipeadata_pib_series.csv
2024-11-23 15:57:06,908 - INFO - Processando arquivo: data/treatment/yahoo_finance_BRL=X.csv
2024-11-23 15:57:06,912 - INFO - Processando arquivo: data/treatment/bcb_data_commodities_bcb_metal_em_real.csv
2024-11-23 15:57:06,920 - INFO - Processando arquivo: data/treatment/yahoo_finance_GC=F.csv
2024-11-23 15:57:06,925 - INFO - Processando arquivo: data/treatment/yahoo_finance_KC=F.csv
2024-11-23 15:57:06,931 - INFO - Processando arquivo: data/treatment/yahoo_finance_^BVSP.csv
2024-11-23 15:57:06,936 - INFO - Processando arquivo: data/treatment/bcb_data_fx_sell_bcb.csv
2024-11-23 15:57:07,118 - INFO - Base unificada salva em: analysis/dados_unificados.csv
2024-11-23 15:57:07,119 - INFO - Gerando dados futuros com base na média móvel...
2024-11-23 15:57:07,240 - INFO - Unificando dados reais com futuros...
2024-11-23 15:57:07,395 - INFO - Dados unificados com previsões futuras salvos em: analysis/dados_completos.csv
2024-11-23 15:58:51,336 - INFO - Aplicação executada com sucesso.
