2024-11-23 15:33:15,965 - INFO - Logging configurado para: data_processing.
2024-11-23 15:33:15,966 - INFO - Começando a aplicação...
2024-11-23 15:33:15,966 - INFO - Iniciando o processamento e a unificação dos dados...
2024-11-23 15:33:15,966 - INFO - Processando arquivo: data/treatment/yahoo_finance_CPI.csv
2024-11-23 15:33:15,987 - INFO - Processando arquivo: data/treatment/bcb_data_commodities_bcb_agropecuaria_em_real.csv
2024-11-23 15:33:15,996 - INFO - Processando arquivo: data/treatment/bcb_data_core_cpi_bcb.csv
2024-11-23 15:33:16,004 - INFO - Processando arquivo: data/treatment/yahoo_finance_ZC=F.csv
2024-11-23 15:33:16,010 - INFO - Processando arquivo: data/treatment/yahoo_finance_NG=F.csv
2024-11-23 15:33:16,016 - INFO - Processando arquivo: data/treatment/yahoo_finance_CL=F.csv
2024-11-23 15:33:16,023 - INFO - Processando arquivo: data/treatment/bcb_data_fx_buy_bcb.csv
2024-11-23 15:33:16,031 - INFO - Processando arquivo: data/treatment/bcb_data_ipca_bcb.csv
2024-11-23 15:33:16,041 - INFO - Processando arquivo: data/treatment/bcb_data_unemployment_bcb.csv
2024-11-23 15:33:16,044 - INFO - Processando arquivo: data/treatment/bcb_data_selic_bcb.csv
2024-11-23 15:33:16,049 - INFO - Processando arquivo: data/treatment/bcb_data_gdp_bcb.csv
2024-11-23 15:33:16,061 - INFO - Processando arquivo: data/treatment/yahoo_finance_HG=F.csv
2024-11-23 15:33:16,069 - INFO - Processando arquivo: data/treatment/bcb_data_commodities_bcb_energia_em_real.csv
2024-11-23 15:33:16,077 - INFO - Processando arquivo: data/treatment/yahoo_finance_ZS=F.csv
2024-11-23 15:33:16,082 - INFO - Processando arquivo: data/treatment/yahoo_finance_ZW=F.csv
2024-11-23 15:33:16,088 - INFO - Processando arquivo: data/treatment/bcb_data_cambio_bcb.csv
2024-11-23 15:33:16,093 - INFO - Processando arquivo: data/treatment/bcb_data_commodities_bcb_composto_em_real.csv
2024-11-23 15:33:16,101 - INFO - Processando arquivo: data/treatment/yahoo_finance_^GSPC.csv
2024-11-23 15:33:16,107 - INFO - Processando arquivo: data/treatment/yahoo_finance_^TNX.csv
2024-11-23 15:33:16,112 - INFO - Processando arquivo: data/treatment/ipeadata_pib_series.csv
2024-11-23 15:33:16,120 - INFO - Processando arquivo: data/treatment/yahoo_finance_BRL=X.csv
2024-11-23 15:33:16,124 - INFO - Processando arquivo: data/treatment/bcb_data_commodities_bcb_metal_em_real.csv
2024-11-23 15:33:16,132 - INFO - Processando arquivo: data/treatment/yahoo_finance_GC=F.csv
2024-11-23 15:33:16,138 - INFO - Processando arquivo: data/treatment/yahoo_finance_KC=F.csv
2024-11-23 15:33:16,144 - INFO - Processando arquivo: data/treatment/yahoo_finance_^BVSP.csv
2024-11-23 15:33:16,148 - INFO - Processando arquivo: data/treatment/bcb_data_fx_sell_bcb.csv
2024-11-23 15:33:16,321 - INFO - Base unificada salva em: analysis/dados_unificados.csv
2024-11-23 15:33:16,322 - INFO - Gerando dados futuros com base na média móvel...
2024-11-23 15:33:16,435 - INFO - Unificando dados reais com futuros...
2024-11-23 15:33:16,587 - INFO - Dados unificados com previsões futuras salvos em: analysis/dados_completos.csv
2024-11-23 15:37:53,765 - INFO - Aplicação executada com sucesso.
