2024-11-21 22:11:23,838 - INFO - Logging configurado para: data_processing.
2024-11-21 22:11:23,838 - INFO - Começando a aplicação...
2024-11-21 22:11:23,838 - INFO - Iniciando o processamento e a unificação dos dados...
2024-11-21 22:11:23,838 - INFO - Processando arquivo: data/treatment\bcb_data_cambio_bcb.csv
2024-11-21 22:11:23,858 - INFO - Processando arquivo: data/treatment\bcb_data_commodities_bcb_agropecuaria_em_real.csv
2024-11-21 22:11:23,872 - INFO - Processando arquivo: data/treatment\bcb_data_commodities_bcb_composto_em_real.csv
2024-11-21 22:11:23,873 - INFO - Processando arquivo: data/treatment\bcb_data_commodities_bcb_energia_em_real.csv
2024-11-21 22:11:23,896 - INFO - Processando arquivo: data/treatment\bcb_data_commodities_bcb_metal_em_real.csv
2024-11-21 22:11:23,907 - INFO - Processando arquivo: data/treatment\bcb_data_core_cpi_bcb.csv
2024-11-21 22:11:23,924 - INFO - Processando arquivo: data/treatment\bcb_data_fx_buy_bcb.csv
2024-11-21 22:11:23,941 - INFO - Processando arquivo: data/treatment\bcb_data_fx_sell_bcb.csv
2024-11-21 22:11:23,958 - INFO - Processando arquivo: data/treatment\bcb_data_gdp_bcb.csv
2024-11-21 22:11:23,985 - INFO - Processando arquivo: data/treatment\bcb_data_ipca_bcb.csv
2024-11-21 22:11:23,990 - INFO - Processando arquivo: data/treatment\bcb_data_selic_bcb.csv
2024-11-21 22:11:24,010 - INFO - Processando arquivo: data/treatment\bcb_data_unemployment_bcb.csv
2024-11-21 22:11:24,023 - INFO - Processando arquivo: data/treatment\ipeadata_pib_series.csv
2024-11-21 22:11:24,033 - INFO - Processando arquivo: data/treatment\yahoo_finance_BRL=X.csv
2024-11-21 22:11:24,040 - INFO - Processando arquivo: data/treatment\yahoo_finance_CL=F.csv
2024-11-21 22:11:24,057 - INFO - Processando arquivo: data/treatment\yahoo_finance_CPI.csv
2024-11-21 22:11:24,069 - INFO - Processando arquivo: data/treatment\yahoo_finance_GC=F.csv
2024-11-21 22:11:24,073 - INFO - Processando arquivo: data/treatment\yahoo_finance_HG=F.csv
2024-11-21 22:11:24,090 - INFO - Processando arquivo: data/treatment\yahoo_finance_KC=F.csv
2024-11-21 22:11:24,090 - INFO - Processando arquivo: data/treatment\yahoo_finance_NG=F.csv
2024-11-21 22:11:24,111 - INFO - Processando arquivo: data/treatment\yahoo_finance_ZC=F.csv
2024-11-21 22:11:24,123 - INFO - Processando arquivo: data/treatment\yahoo_finance_ZS=F.csv
2024-11-21 22:11:24,136 - INFO - Processando arquivo: data/treatment\yahoo_finance_ZW=F.csv
2024-11-21 22:11:24,140 - INFO - Processando arquivo: data/treatment\yahoo_finance_^BVSP.csv
2024-11-21 22:11:24,157 - INFO - Processando arquivo: data/treatment\yahoo_finance_^GSPC.csv
2024-11-21 22:11:24,173 - INFO - Processando arquivo: data/treatment\yahoo_finance_^TNX.csv
2024-11-21 22:11:24,437 - INFO - Base unificada salva em: analysis/dados_unificados.csv
2024-11-21 22:11:24,440 - INFO - Gerando dados futuros com base na média móvel...
2024-11-21 22:11:24,640 - INFO - Unificando dados reais com futuros...
2024-11-21 22:11:24,873 - INFO - Dados unificados com previsões futuras salvos em: analysis/dados_completos.csv
2024-11-21 22:11:52,814 - INFO - Aplicação executada com sucesso.
