2024-11-21 14:47:45,753 - INFO - Logging configurado para: data_processing.
2024-11-21 14:47:45,754 - INFO - Comecando Aplicacao ...
2024-11-21 14:47:45,754 - INFO - Iniciando o processamento e a unificação dos dados...
2024-11-21 14:47:45,755 - INFO - Processando arquivo: data/treatment\bcb_data_cambio_bcb.csv
2024-11-21 14:47:45,784 - INFO - Processando arquivo: data/treatment\bcb_data_commodities_bcb_agropecuaria_em_real.csv
2024-11-21 14:47:45,809 - INFO - Processando arquivo: data/treatment\bcb_data_commodities_bcb_composto_em_real.csv
2024-11-21 14:47:45,839 - INFO - Processando arquivo: data/treatment\bcb_data_commodities_bcb_energia_em_real.csv
2024-11-21 14:47:45,871 - INFO - Processando arquivo: data/treatment\bcb_data_commodities_bcb_metal_em_real.csv
2024-11-21 14:47:45,905 - INFO - Processando arquivo: data/treatment\bcb_data_core_cpi_bcb.csv
2024-11-21 14:47:45,927 - INFO - Processando arquivo: data/treatment\bcb_data_fx_buy_bcb.csv
2024-11-21 14:47:45,958 - INFO - Processando arquivo: data/treatment\bcb_data_fx_sell_bcb.csv
2024-11-21 14:47:45,994 - INFO - Processando arquivo: data/treatment\bcb_data_gdp_bcb.csv
2024-11-21 14:47:46,041 - INFO - Processando arquivo: data/treatment\bcb_data_ipca_bcb.csv
2024-11-21 14:47:46,084 - INFO - Processando arquivo: data/treatment\bcb_data_selic_bcb.csv
2024-11-21 14:47:46,107 - INFO - Processando arquivo: data/treatment\bcb_data_unemployment_bcb.csv
2024-11-21 14:47:46,141 - INFO - Processando arquivo: data/treatment\ipeadata_pib_series.csv
2024-11-21 14:47:46,172 - INFO - Processando arquivo: data/treatment\yahoo_finance_BRL=X.csv
2024-11-21 14:47:46,191 - INFO - Processando arquivo: data/treatment\yahoo_finance_CL=F.csv
2024-11-21 14:47:46,237 - INFO - Processando arquivo: data/treatment\yahoo_finance_CPI.csv
2024-11-21 14:47:46,272 - INFO - Processando arquivo: data/treatment\yahoo_finance_GC=F.csv
2024-11-21 14:47:46,335 - INFO - Processando arquivo: data/treatment\yahoo_finance_HG=F.csv
2024-11-21 14:47:46,358 - INFO - Processando arquivo: data/treatment\yahoo_finance_KC=F.csv
2024-11-21 14:47:46,430 - INFO - Processando arquivo: data/treatment\yahoo_finance_NG=F.csv
2024-11-21 14:47:46,470 - INFO - Processando arquivo: data/treatment\yahoo_finance_ZC=F.csv
2024-11-21 14:47:46,503 - INFO - Processando arquivo: data/treatment\yahoo_finance_ZS=F.csv
2024-11-21 14:47:46,545 - INFO - Processando arquivo: data/treatment\yahoo_finance_ZW=F.csv
2024-11-21 14:47:46,580 - INFO - Processando arquivo: data/treatment\yahoo_finance_^BVSP.csv
2024-11-21 14:47:46,602 - INFO - Processando arquivo: data/treatment\yahoo_finance_^GSPC.csv
2024-11-21 14:47:46,623 - INFO - Processando arquivo: data/treatment\yahoo_finance_^TNX.csv
2024-11-21 14:47:46,958 - INFO - Base unificada salva em: analysis/dados_unificados.csv
2024-11-21 14:48:02,371 - INFO - Aplicacao rodou com Sucesso.
