2024-11-23 16:35:54,468 - INFO - Logging configurado para: data_processing.
2024-11-23 16:35:54,469 - INFO - Começando a aplicação...
2024-11-23 16:35:54,469 - INFO - Iniciando o processamento e a unificação dos dados...
2024-11-23 16:35:54,469 - INFO - Processando arquivo: data/treatment/yahoo_finance_CPI.csv
2024-11-23 16:35:54,483 - INFO - Processando arquivo: data/treatment/bcb_data_commodities_bcb_agropecuaria_em_real.csv
2024-11-23 16:35:54,491 - INFO - Processando arquivo: data/treatment/bcb_data_core_cpi_bcb.csv
2024-11-23 16:35:54,498 - INFO - Processando arquivo: data/treatment/yahoo_finance_ZC=F.csv
2024-11-23 16:35:54,502 - INFO - Processando arquivo: data/treatment/yahoo_finance_NG=F.csv
2024-11-23 16:35:54,507 - INFO - Processando arquivo: data/treatment/yahoo_finance_CL=F.csv
2024-11-23 16:35:54,512 - INFO - Processando arquivo: data/treatment/bcb_data_fx_buy_bcb.csv
2024-11-23 16:35:54,519 - INFO - Processando arquivo: data/treatment/bcb_data_ipca_bcb.csv
2024-11-23 16:35:54,528 - INFO - Processando arquivo: data/treatment/bcb_data_unemployment_bcb.csv
2024-11-23 16:35:54,532 - INFO - Processando arquivo: data/treatment/bcb_data_selic_bcb.csv
2024-11-23 16:35:54,538 - INFO - Processando arquivo: data/treatment/bcb_data_gdp_bcb.csv
2024-11-23 16:35:54,548 - INFO - Processando arquivo: data/treatment/yahoo_finance_HG=F.csv
2024-11-23 16:35:54,553 - INFO - Processando arquivo: data/treatment/bcb_data_commodities_bcb_energia_em_real.csv
2024-11-23 16:35:54,561 - INFO - Processando arquivo: data/treatment/yahoo_finance_ZS=F.csv
2024-11-23 16:35:54,565 - INFO - Processando arquivo: data/treatment/yahoo_finance_ZW=F.csv
2024-11-23 16:35:54,570 - INFO - Processando arquivo: data/treatment/bcb_data_cambio_bcb.csv
2024-11-23 16:35:54,575 - INFO - Processando arquivo: data/treatment/bcb_data_commodities_bcb_composto_em_real.csv
2024-11-23 16:35:54,582 - INFO - Processando arquivo: data/treatment/yahoo_finance_^GSPC.csv
2024-11-23 16:35:54,587 - INFO - Processando arquivo: data/treatment/yahoo_finance_^TNX.csv
2024-11-23 16:35:54,592 - INFO - Processando arquivo: data/treatment/ipeadata_pib_series.csv
2024-11-23 16:35:54,598 - INFO - Processando arquivo: data/treatment/yahoo_finance_BRL=X.csv
2024-11-23 16:35:54,603 - INFO - Processando arquivo: data/treatment/bcb_data_commodities_bcb_metal_em_real.csv
2024-11-23 16:35:54,613 - INFO - Processando arquivo: data/treatment/yahoo_finance_GC=F.csv
2024-11-23 16:35:54,618 - INFO - Processando arquivo: data/treatment/yahoo_finance_KC=F.csv
2024-11-23 16:35:54,622 - INFO - Processando arquivo: data/treatment/yahoo_finance_^BVSP.csv
2024-11-23 16:35:54,628 - INFO - Processando arquivo: data/treatment/bcb_data_fx_sell_bcb.csv
2024-11-23 16:35:54,799 - INFO - Base unificada salva em: analysis/dados_unificados.csv
2024-11-23 16:35:54,800 - INFO - Gerando dados futuros com base na média móvel...
2024-11-23 16:35:54,911 - INFO - Unificando dados reais com futuros...
2024-11-23 16:35:55,064 - INFO - Dados unificados com previsões futuras salvos em: analysis/dados_completos.csv
2024-11-23 16:35:56,225 - ERROR - Erro durante a execução da aplicação: plot() takes 2 positional arguments but 3 were given
