2024-11-23 15:59:43,768 - INFO - Logging configurado para: data_processing.
2024-11-23 15:59:43,769 - INFO - Começando a aplicação...
2024-11-23 15:59:43,769 - INFO - Iniciando o processamento e a unificação dos dados...
2024-11-23 15:59:43,769 - INFO - Processando arquivo: data/treatment/yahoo_finance_CPI.csv
2024-11-23 15:59:43,790 - INFO - Processando arquivo: data/treatment/bcb_data_commodities_bcb_agropecuaria_em_real.csv
2024-11-23 15:59:43,799 - INFO - Processando arquivo: data/treatment/bcb_data_core_cpi_bcb.csv
2024-11-23 15:59:43,805 - INFO - Processando arquivo: data/treatment/yahoo_finance_ZC=F.csv
2024-11-23 15:59:43,810 - INFO - Processando arquivo: data/treatment/yahoo_finance_NG=F.csv
2024-11-23 15:59:43,818 - INFO - Processando arquivo: data/treatment/yahoo_finance_CL=F.csv
2024-11-23 15:59:43,824 - INFO - Processando arquivo: data/treatment/bcb_data_fx_buy_bcb.csv
2024-11-23 15:59:43,833 - INFO - Processando arquivo: data/treatment/bcb_data_ipca_bcb.csv
2024-11-23 15:59:43,842 - INFO - Processando arquivo: data/treatment/bcb_data_unemployment_bcb.csv
2024-11-23 15:59:43,846 - INFO - Processando arquivo: data/treatment/bcb_data_selic_bcb.csv
2024-11-23 15:59:43,851 - INFO - Processando arquivo: data/treatment/bcb_data_gdp_bcb.csv
2024-11-23 15:59:43,862 - INFO - Processando arquivo: data/treatment/yahoo_finance_HG=F.csv
2024-11-23 15:59:43,867 - INFO - Processando arquivo: data/treatment/bcb_data_commodities_bcb_energia_em_real.csv
2024-11-23 15:59:43,874 - INFO - Processando arquivo: data/treatment/yahoo_finance_ZS=F.csv
2024-11-23 15:59:43,879 - INFO - Processando arquivo: data/treatment/yahoo_finance_ZW=F.csv
2024-11-23 15:59:43,907 - INFO - Processando arquivo: data/treatment/bcb_data_cambio_bcb.csv
2024-11-23 15:59:43,918 - INFO - Processando arquivo: data/treatment/bcb_data_commodities_bcb_composto_em_real.csv
2024-11-23 15:59:43,928 - INFO - Processando arquivo: data/treatment/yahoo_finance_^GSPC.csv
2024-11-23 15:59:43,934 - INFO - Processando arquivo: data/treatment/yahoo_finance_^TNX.csv
2024-11-23 15:59:43,939 - INFO - Processando arquivo: data/treatment/ipeadata_pib_series.csv
2024-11-23 15:59:43,946 - INFO - Processando arquivo: data/treatment/yahoo_finance_BRL=X.csv
2024-11-23 15:59:43,950 - INFO - Processando arquivo: data/treatment/bcb_data_commodities_bcb_metal_em_real.csv
2024-11-23 15:59:43,957 - INFO - Processando arquivo: data/treatment/yahoo_finance_GC=F.csv
2024-11-23 15:59:43,963 - INFO - Processando arquivo: data/treatment/yahoo_finance_KC=F.csv
2024-11-23 15:59:43,968 - INFO - Processando arquivo: data/treatment/yahoo_finance_^BVSP.csv
2024-11-23 15:59:43,973 - INFO - Processando arquivo: data/treatment/bcb_data_fx_sell_bcb.csv
2024-11-23 15:59:44,147 - INFO - Base unificada salva em: analysis/dados_unificados.csv
2024-11-23 15:59:44,148 - INFO - Gerando dados futuros com base na média móvel...
2024-11-23 15:59:44,263 - INFO - Unificando dados reais com futuros...
2024-11-23 15:59:44,422 - INFO - Dados unificados com previsões futuras salvos em: analysis/dados_completos.csv
