2024-11-23 16:16:19,389 - INFO - Logging configurado para: data_processing.
2024-11-23 16:16:19,389 - INFO - Começando a aplicação...
2024-11-23 16:16:19,389 - INFO - Iniciando o processamento e a unificação dos dados...
2024-11-23 16:16:19,390 - INFO - Processando arquivo: data/treatment/yahoo_finance_CPI.csv
2024-11-23 16:16:19,403 - INFO - Processando arquivo: data/treatment/bcb_data_commodities_bcb_agropecuaria_em_real.csv
2024-11-23 16:16:19,411 - INFO - Processando arquivo: data/treatment/bcb_data_core_cpi_bcb.csv
2024-11-23 16:16:19,418 - INFO - Processando arquivo: data/treatment/yahoo_finance_ZC=F.csv
2024-11-23 16:16:19,422 - INFO - Processando arquivo: data/treatment/yahoo_finance_NG=F.csv
2024-11-23 16:16:19,427 - INFO - Processando arquivo: data/treatment/yahoo_finance_CL=F.csv
2024-11-23 16:16:19,433 - INFO - Processando arquivo: data/treatment/bcb_data_fx_buy_bcb.csv
2024-11-23 16:16:19,441 - INFO - Processando arquivo: data/treatment/bcb_data_ipca_bcb.csv
2024-11-23 16:16:19,451 - INFO - Processando arquivo: data/treatment/bcb_data_unemployment_bcb.csv
2024-11-23 16:16:19,455 - INFO - Processando arquivo: data/treatment/bcb_data_selic_bcb.csv
2024-11-23 16:16:19,460 - INFO - Processando arquivo: data/treatment/bcb_data_gdp_bcb.csv
2024-11-23 16:16:19,472 - INFO - Processando arquivo: data/treatment/yahoo_finance_HG=F.csv
2024-11-23 16:16:19,477 - INFO - Processando arquivo: data/treatment/bcb_data_commodities_bcb_energia_em_real.csv
2024-11-23 16:16:19,485 - INFO - Processando arquivo: data/treatment/yahoo_finance_ZS=F.csv
2024-11-23 16:16:19,490 - INFO - Processando arquivo: data/treatment/yahoo_finance_ZW=F.csv
2024-11-23 16:16:19,495 - INFO - Processando arquivo: data/treatment/bcb_data_cambio_bcb.csv
2024-11-23 16:16:19,501 - INFO - Processando arquivo: data/treatment/bcb_data_commodities_bcb_composto_em_real.csv
2024-11-23 16:16:19,508 - INFO - Processando arquivo: data/treatment/yahoo_finance_^GSPC.csv
2024-11-23 16:16:19,513 - INFO - Processando arquivo: data/treatment/yahoo_finance_^TNX.csv
2024-11-23 16:16:19,519 - INFO - Processando arquivo: data/treatment/ipeadata_pib_series.csv
2024-11-23 16:16:19,524 - INFO - Processando arquivo: data/treatment/yahoo_finance_BRL=X.csv
2024-11-23 16:16:19,529 - INFO - Processando arquivo: data/treatment/bcb_data_commodities_bcb_metal_em_real.csv
2024-11-23 16:16:19,536 - INFO - Processando arquivo: data/treatment/yahoo_finance_GC=F.csv
2024-11-23 16:16:19,541 - INFO - Processando arquivo: data/treatment/yahoo_finance_KC=F.csv
2024-11-23 16:16:19,546 - INFO - Processando arquivo: data/treatment/yahoo_finance_^BVSP.csv
2024-11-23 16:16:19,556 - INFO - Processando arquivo: data/treatment/bcb_data_fx_sell_bcb.csv
2024-11-23 16:16:19,735 - INFO - Base unificada salva em: analysis/dados_unificados.csv
2024-11-23 16:16:19,736 - INFO - Gerando dados futuros com base na média móvel...
2024-11-23 16:16:19,846 - INFO - Unificando dados reais com futuros...
2024-11-23 16:16:19,999 - INFO - Dados unificados com previsões futuras salvos em: analysis/dados_completos.csv
